{
  "ResponseHeaders": {
    "Version": "1.1",
    "Content": {
      "Headers": [
        {
          "Key": "Content-Type",
          "Value": [
            "application/json; charset=utf-8"
          ]
        },
        {
          "Key": "Content-Length",
          "Value": [
            "201"
          ]
        }
      ]
    },
    "StatusCode": "OK",
    "ReasonPhrase": "OK",
    "Headers": [],
    "TrailingHeaders": [],
    "RequestMessage": {
      "Version": "1.1",
      "Content": {
        "Headers": [
          {
            "Key": "Content-Type",
            "Value": [
              "application/json; charset=utf-8"
            ]
          }
        ]
      },
      "Method": {
        "Method": "POST"
      },
      "RequestUri": "http://localhost/graphql",
      "Headers": [],
      "Properties": {}
    },
    "IsSuccessStatusCode": true
  },
  "ResponseContent": {
    "data": {
      "generateBracket": null
    },
    "errors": [
      {
        "message": "Number of rounds must be at least 4.",
        "locations": [
          {
            "line": 1,
            "column": 69
          }
        ],
        "path": [
          "generateBracket"
        ],
        "extensions": {
          "code": "INVALID_PARAMETER"
        }
      }
    ]
  }
}
