{
  "Version": "1.1",
  "Content": {
    "Headers": [
      {
        "Key": "Content-Type",
        "Value": [
          "application/json; charset=utf-8"
        ]
      },
      {
        "Key": "Content-Length",
        "Value": [
          "713"
        ]
      }
    ]
  },
  "StatusCode": "OK",
  "ReasonPhrase": "OK",
  "Headers": [],
  "TrailingHeaders": [],
  "RequestMessage": {
    "Version": "1.1",
    "Content": {
      "Headers": [
        {
          "Key": "Content-Type",
          "Value": [
            "application/json; charset=utf-8"
          ]
        }
      ]
    },
    "Method": {
      "Method": "POST"
    },
    "RequestUri": "http://localhost/graphql",
    "Headers": [],
    "Properties": {}
  },
  "IsSuccessStatusCode": true
}
